// Vitest Snapshot v1, https://vitest.dev/guide/snapshot.html

exports[`generator - github-build-matrix > with angular > should match matrix value 1`] = `
{
  "include": [
    {
      "default-environment": "prod",
      "extra-args": "--client-framework angular --auth jwt",
      "java-version": "17",
      "job-name": "monolith-angular-jwt-jdl",
      "jwt-secret-key": "ZjY4MTM4YjI5YzMwZjhjYjI2OTNkNTRjMWQ5Y2Q0Y2YwOWNmZTE2NzRmYzU3NTMwM2NjOTE3MTllOTM3MWRkMzcyYTljMjVmNmQ0Y2MxOTUzODc0MDhhMTlkMDIxMzI2YzQzZDM2ZDE3MmQ3NjVkODk3OTVmYzljYTQyZDNmMTQ=",
      "node-version": "22.11.0",
      "npm-version": "10.9.0",
      "os": "ubuntu-latest",
      "sample": "monolith-angular-jwt-jdl",
      "sample-file": "monolith-client-auth-template-jdl",
      "sample-folder": "samples/",
      "sample-type": "jdl",
      "samples-group": "angular",
    },
    {
      "default-environment": "prod",
      "extra-args": "--client-framework angular --auth jwt",
      "java-version": "17",
      "job-name": "monolith-angular-jwt-i18n-jdl",
      "jwt-secret-key": "ZjY4MTM4YjI5YzMwZjhjYjI2OTNkNTRjMWQ5Y2Q0Y2YwOWNmZTE2NzRmYzU3NTMwM2NjOTE3MTllOTM3MWRkMzcyYTljMjVmNmQ0Y2MxOTUzODc0MDhhMTlkMDIxMzI2YzQzZDM2ZDE3MmQ3NjVkODk3OTVmYzljYTQyZDNmMTQ=",
      "node-version": "22.11.0",
      "npm-version": "10.9.0",
      "os": "ubuntu-latest",
      "sample": "monolith-angular-jwt-i18n-jdl",
      "sample-file": "monolith-client-auth-i18n-template-jdl",
      "sample-folder": "samples/",
      "sample-type": "jdl",
      "samples-group": "angular",
    },
    {
      "default-environment": "prod",
      "extra-args": "--client-framework angular --auth oauth2",
      "java-version": "17",
      "job-name": "monolith-angular-oauth2-jdl",
      "jwt-secret-key": "ZjY4MTM4YjI5YzMwZjhjYjI2OTNkNTRjMWQ5Y2Q0Y2YwOWNmZTE2NzRmYzU3NTMwM2NjOTE3MTllOTM3MWRkMzcyYTljMjVmNmQ0Y2MxOTUzODc0MDhhMTlkMDIxMzI2YzQzZDM2ZDE3MmQ3NjVkODk3OTVmYzljYTQyZDNmMTQ=",
      "node-version": "22.11.0",
      "npm-version": "10.9.0",
      "os": "ubuntu-latest",
      "sample": "monolith-angular-oauth2-jdl",
      "sample-file": "monolith-client-auth-template-jdl",
      "sample-folder": "samples/",
      "sample-type": "jdl",
      "samples-group": "angular",
    },
    {
      "default-environment": "prod",
      "extra-args": "--client-framework angular --auth oauth2",
      "java-version": "17",
      "job-name": "monolith-angular-oauth2-mongodb-jdl",
      "jwt-secret-key": "ZjY4MTM4YjI5YzMwZjhjYjI2OTNkNTRjMWQ5Y2Q0Y2YwOWNmZTE2NzRmYzU3NTMwM2NjOTE3MTllOTM3MWRkMzcyYTljMjVmNmQ0Y2MxOTUzODc0MDhhMTlkMDIxMzI2YzQzZDM2ZDE3MmQ3NjVkODk3OTVmYzljYTQyZDNmMTQ=",
      "node-version": "22.11.0",
      "npm-version": "10.9.0",
      "os": "ubuntu-latest",
      "sample": "monolith-angular-oauth2-mongodb-jdl",
      "sample-file": "monolith-client-auth-mongodb-template-jdl",
      "sample-folder": "samples/",
      "sample-type": "jdl",
      "samples-group": "angular",
    },
    {
      "default-environment": "prod",
      "extra-args": "--client-framework angular --auth oauth2",
      "java-version": "17",
      "job-name": "monolith-angular-oauth2-i18n-jdl",
      "jwt-secret-key": "ZjY4MTM4YjI5YzMwZjhjYjI2OTNkNTRjMWQ5Y2Q0Y2YwOWNmZTE2NzRmYzU3NTMwM2NjOTE3MTllOTM3MWRkMzcyYTljMjVmNmQ0Y2MxOTUzODc0MDhhMTlkMDIxMzI2YzQzZDM2ZDE3MmQ3NjVkODk3OTVmYzljYTQyZDNmMTQ=",
      "node-version": "22.11.0",
      "npm-version": "10.9.0",
      "os": "ubuntu-latest",
      "sample": "monolith-angular-oauth2-i18n-jdl",
      "sample-file": "monolith-client-auth-i18n-template-jdl",
      "sample-folder": "samples/",
      "sample-type": "jdl",
      "samples-group": "angular",
    },
    {
      "default-environment": "prod",
      "java-version": "17",
      "job-name": "monolith-angular-jwt-i18n-dev",
      "jwt-secret-key": "ZjY4MTM4YjI5YzMwZjhjYjI2OTNkNTRjMWQ5Y2Q0Y2YwOWNmZTE2NzRmYzU3NTMwM2NjOTE3MTllOTM3MWRkMzcyYTljMjVmNmQ0Y2MxOTUzODc0MDhhMTlkMDIxMzI2YzQzZDM2ZDE3MmQ3NjVkODk3OTVmYzljYTQyZDNmMTQ=",
      "node-version": "22.11.0",
      "npm-version": "10.9.0",
      "os": "ubuntu-latest",
      "sample": "monolith-angular-jwt-i18n-dev",
      "sample-file": "monolith-angular-jwt-i18n-dev",
      "sample-folder": "samples/",
      "sample-type": "yo-rc",
      "samples-group": "angular",
    },
    {
      "default-environment": "prod",
      "extra-args": "--client-framework angular --auth jwt",
      "java-version": "17",
      "job-name": "monolith-angular-jwt-mongodb-jdl",
      "jwt-secret-key": "ZjY4MTM4YjI5YzMwZjhjYjI2OTNkNTRjMWQ5Y2Q0Y2YwOWNmZTE2NzRmYzU3NTMwM2NjOTE3MTllOTM3MWRkMzcyYTljMjVmNmQ0Y2MxOTUzODc0MDhhMTlkMDIxMzI2YzQzZDM2ZDE3MmQ3NjVkODk3OTVmYzljYTQyZDNmMTQ=",
      "node-version": "22.11.0",
      "npm-version": "10.9.0",
      "os": "ubuntu-latest",
      "sample": "monolith-angular-jwt-mongodb-jdl",
      "sample-file": "monolith-client-auth-mongodb-template-jdl",
      "sample-folder": "samples/",
      "sample-type": "jdl",
      "samples-group": "angular",
    },
    {
      "default-environment": "prod",
      "extra-args": "--client-framework angular --prod-database-type mssql",
      "java-version": "17",
      "job-name": "monolith-angular-mssql-prod-jdl",
      "jwt-secret-key": "ZjY4MTM4YjI5YzMwZjhjYjI2OTNkNTRjMWQ5Y2Q0Y2YwOWNmZTE2NzRmYzU3NTMwM2NjOTE3MTllOTM3MWRkMzcyYTljMjVmNmQ0Y2MxOTUzODc0MDhhMTlkMDIxMzI2YzQzZDM2ZDE3MmQ3NjVkODk3OTVmYzljYTQyZDNmMTQ=",
      "node-version": "22.11.0",
      "npm-version": "10.9.0",
      "os": "ubuntu-latest",
      "sample": "monolith-angular-mssql-prod-jdl",
      "sample-file": "monolith-client-database-prod-template-jdl",
      "sample-folder": "samples/",
      "sample-type": "jdl",
      "samples-group": "angular",
    },
    {
      "default-environment": "prod",
      "extra-args": "--client-framework angular --prod-database-type postgresql",
      "java-version": "17",
      "job-name": "monolith-angular-postgresql-prod-jdl",
      "jwt-secret-key": "ZjY4MTM4YjI5YzMwZjhjYjI2OTNkNTRjMWQ5Y2Q0Y2YwOWNmZTE2NzRmYzU3NTMwM2NjOTE3MTllOTM3MWRkMzcyYTljMjVmNmQ0Y2MxOTUzODc0MDhhMTlkMDIxMzI2YzQzZDM2ZDE3MmQ3NjVkODk3OTVmYzljYTQyZDNmMTQ=",
      "node-version": "22.11.0",
      "npm-version": "10.9.0",
      "os": "ubuntu-latest",
      "sample": "monolith-angular-postgresql-prod-jdl",
      "sample-file": "monolith-client-database-prod-template-jdl",
      "sample-folder": "samples/",
      "sample-type": "jdl",
      "samples-group": "angular",
    },
  ],
}
`;

exports[`generator - github-build-matrix > with samples > should match matrix value 1`] = `
{
  "include": [
    {
      "default-environment": "prod",
      "java-version": "17",
      "job-name": "microservice-oauth2-jdl",
      "jwt-secret-key": "ZjY4MTM4YjI5YzMwZjhjYjI2OTNkNTRjMWQ5Y2Q0Y2YwOWNmZTE2NzRmYzU3NTMwM2NjOTE3MTllOTM3MWRkMzcyYTljMjVmNmQ0Y2MxOTUzODc0MDhhMTlkMDIxMzI2YzQzZDM2ZDE3MmQ3NjVkODk3OTVmYzljYTQyZDNmMTQ=",
      "node-version": "22.11.0",
      "npm-version": "10.9.0",
      "os": "ubuntu-latest",
      "sample": "microservice-oauth2-jdl",
      "sample-type": "jdl",
      "samples-group": "samples",
    },
    {
      "default-environment": "prod",
      "java-version": "17",
      "job-name": "monolith-angular-auth-mongodb-template-jdl",
      "jwt-secret-key": "ZjY4MTM4YjI5YzMwZjhjYjI2OTNkNTRjMWQ5Y2Q0Y2YwOWNmZTE2NzRmYzU3NTMwM2NjOTE3MTllOTM3MWRkMzcyYTljMjVmNmQ0Y2MxOTUzODc0MDhhMTlkMDIxMzI2YzQzZDM2ZDE3MmQ3NjVkODk3OTVmYzljYTQyZDNmMTQ=",
      "node-version": "22.11.0",
      "npm-version": "10.9.0",
      "os": "ubuntu-latest",
      "sample": "monolith-angular-auth-mongodb-template-jdl",
      "sample-type": "yo-rc",
      "samples-group": "samples",
    },
    {
      "default-environment": "prod",
      "java-version": "17",
      "job-name": "monolith-angular-jwt-i18n-dev",
      "jwt-secret-key": "ZjY4MTM4YjI5YzMwZjhjYjI2OTNkNTRjMWQ5Y2Q0Y2YwOWNmZTE2NzRmYzU3NTMwM2NjOTE3MTllOTM3MWRkMzcyYTljMjVmNmQ0Y2MxOTUzODc0MDhhMTlkMDIxMzI2YzQzZDM2ZDE3MmQ3NjVkODk3OTVmYzljYTQyZDNmMTQ=",
      "node-version": "22.11.0",
      "npm-version": "10.9.0",
      "os": "ubuntu-latest",
      "sample": "monolith-angular-jwt-i18n-dev",
      "sample-type": "yo-rc",
      "samples-group": "samples",
    },
    {
      "default-environment": "prod",
      "java-version": "17",
      "job-name": "monolith-client-auth-i18n-template-jdl",
      "jwt-secret-key": "ZjY4MTM4YjI5YzMwZjhjYjI2OTNkNTRjMWQ5Y2Q0Y2YwOWNmZTE2NzRmYzU3NTMwM2NjOTE3MTllOTM3MWRkMzcyYTljMjVmNmQ0Y2MxOTUzODc0MDhhMTlkMDIxMzI2YzQzZDM2ZDE3MmQ3NjVkODk3OTVmYzljYTQyZDNmMTQ=",
      "node-version": "22.11.0",
      "npm-version": "10.9.0",
      "os": "ubuntu-latest",
      "sample": "monolith-client-auth-i18n-template-jdl",
      "sample-type": "jdl",
      "samples-group": "samples",
    },
    {
      "default-environment": "prod",
      "java-version": "17",
      "job-name": "monolith-client-auth-mongodb-template-jdl",
      "jwt-secret-key": "ZjY4MTM4YjI5YzMwZjhjYjI2OTNkNTRjMWQ5Y2Q0Y2YwOWNmZTE2NzRmYzU3NTMwM2NjOTE3MTllOTM3MWRkMzcyYTljMjVmNmQ0Y2MxOTUzODc0MDhhMTlkMDIxMzI2YzQzZDM2ZDE3MmQ3NjVkODk3OTVmYzljYTQyZDNmMTQ=",
      "node-version": "22.11.0",
      "npm-version": "10.9.0",
      "os": "ubuntu-latest",
      "sample": "monolith-client-auth-mongodb-template-jdl",
      "sample-type": "jdl",
      "samples-group": "samples",
    },
    {
      "default-environment": "prod",
      "java-version": "17",
      "job-name": "monolith-client-auth-template-jdl",
      "jwt-secret-key": "ZjY4MTM4YjI5YzMwZjhjYjI2OTNkNTRjMWQ5Y2Q0Y2YwOWNmZTE2NzRmYzU3NTMwM2NjOTE3MTllOTM3MWRkMzcyYTljMjVmNmQ0Y2MxOTUzODc0MDhhMTlkMDIxMzI2YzQzZDM2ZDE3MmQ3NjVkODk3OTVmYzljYTQyZDNmMTQ=",
      "node-version": "22.11.0",
      "npm-version": "10.9.0",
      "os": "ubuntu-latest",
      "sample": "monolith-client-auth-template-jdl",
      "sample-type": "jdl",
      "samples-group": "samples",
    },
    {
      "default-environment": "prod",
      "java-version": "17",
      "job-name": "monolith-client-database-prod-template-jdl",
      "jwt-secret-key": "ZjY4MTM4YjI5YzMwZjhjYjI2OTNkNTRjMWQ5Y2Q0Y2YwOWNmZTE2NzRmYzU3NTMwM2NjOTE3MTllOTM3MWRkMzcyYTljMjVmNmQ0Y2MxOTUzODc0MDhhMTlkMDIxMzI2YzQzZDM2ZDE3MmQ3NjVkODk3OTVmYzljYTQyZDNmMTQ=",
      "node-version": "22.11.0",
      "npm-version": "10.9.0",
      "os": "ubuntu-latest",
      "sample": "monolith-client-database-prod-template-jdl",
      "sample-type": "jdl",
      "samples-group": "samples",
    },
    {
      "default-environment": "prod",
      "java-version": "17",
      "job-name": "monolith-react-oauth2-dev",
      "jwt-secret-key": "ZjY4MTM4YjI5YzMwZjhjYjI2OTNkNTRjMWQ5Y2Q0Y2YwOWNmZTE2NzRmYzU3NTMwM2NjOTE3MTllOTM3MWRkMzcyYTljMjVmNmQ0Y2MxOTUzODc0MDhhMTlkMDIxMzI2YzQzZDM2ZDE3MmQ3NjVkODk3OTVmYzljYTQyZDNmMTQ=",
      "node-version": "22.11.0",
      "npm-version": "10.9.0",
      "os": "ubuntu-latest",
      "sample": "monolith-react-oauth2-dev",
      "sample-type": "yo-rc",
      "samples-group": "samples",
    },
  ],
}
`;
