// Vitest Snapshot v1, https://vitest.dev/guide/snapshot.html

exports[`SubGenerator client of nodejs JHipster blueprint > run > should succeed 1`] = `
{
  ".editorconfig": {
    "stateCleared": "modified",
  },
  ".gitattributes": {
    "stateCleared": "modified",
  },
  ".gitignore": {
    "stateCleared": "modified",
  },
  ".husky/pre-commit": {
    "stateCleared": "modified",
  },
  ".lintstagedrc.cjs": {
    "stateCleared": "modified",
  },
  ".prettierignore": {
    "stateCleared": "modified",
  },
  ".prettierrc": {
    "stateCleared": "modified",
  },
  ".yo-rc.json": {
    "stateCleared": "modified",
  },
  "README.md": {
    "stateCleared": "modified",
  },
  "client/angular.json": {
    "stateCleared": "modified",
  },
  "client/build-plugins/define-esbuild.ts": {
    "stateCleared": "modified",
  },
  "client/build-plugins/i18n-esbuild.ts": {
    "stateCleared": "modified",
  },
  "client/build-plugins/package.json": {
    "stateCleared": "modified",
  },
  "client/eslint.config.ts": {
    "stateCleared": "modified",
  },
  "client/ngsw-config.json": {
    "stateCleared": "modified",
  },
  "client/package.json": {
    "stateCleared": "modified",
  },
  "client/proxy.config.mjs": {
    "stateCleared": "modified",
  },
  "client/src/404.html": {
    "stateCleared": "modified",
  },
  "client/src/WEB-INF/web.xml": {
    "stateCleared": "modified",
  },
  "client/src/app/account/account.route.ts": {
    "stateCleared": "modified",
  },
  "client/src/app/account/activate/activate.html": {
    "stateCleared": "modified",
  },
  "client/src/app/account/activate/activate.route.ts": {
    "stateCleared": "modified",
  },
  "client/src/app/account/activate/activate.service.spec.ts": {
    "stateCleared": "modified",
  },
  "client/src/app/account/activate/activate.service.ts": {
    "stateCleared": "modified",
  },
  "client/src/app/account/activate/activate.spec.ts": {
    "stateCleared": "modified",
  },
  "client/src/app/account/activate/activate.ts": {
    "stateCleared": "modified",
  },
  "client/src/app/account/password-reset/finish/password-reset-finish.html": {
    "stateCleared": "modified",
  },
  "client/src/app/account/password-reset/finish/password-reset-finish.route.ts": {
    "stateCleared": "modified",
  },
  "client/src/app/account/password-reset/finish/password-reset-finish.service.spec.ts": {
    "stateCleared": "modified",
  },
  "client/src/app/account/password-reset/finish/password-reset-finish.service.ts": {
    "stateCleared": "modified",
  },
  "client/src/app/account/password-reset/finish/password-reset-finish.spec.ts": {
    "stateCleared": "modified",
  },
  "client/src/app/account/password-reset/finish/password-reset-finish.ts": {
    "stateCleared": "modified",
  },
  "client/src/app/account/password-reset/init/password-reset-init.html": {
    "stateCleared": "modified",
  },
  "client/src/app/account/password-reset/init/password-reset-init.route.ts": {
    "stateCleared": "modified",
  },
  "client/src/app/account/password-reset/init/password-reset-init.service.spec.ts": {
    "stateCleared": "modified",
  },
  "client/src/app/account/password-reset/init/password-reset-init.service.ts": {
    "stateCleared": "modified",
  },
  "client/src/app/account/password-reset/init/password-reset-init.spec.ts": {
    "stateCleared": "modified",
  },
  "client/src/app/account/password-reset/init/password-reset-init.ts": {
    "stateCleared": "modified",
  },
  "client/src/app/account/password/password-strength-bar/password-strength-bar.html": {
    "stateCleared": "modified",
  },
  "client/src/app/account/password/password-strength-bar/password-strength-bar.scss": {
    "stateCleared": "modified",
  },
  "client/src/app/account/password/password-strength-bar/password-strength-bar.spec.ts": {
    "stateCleared": "modified",
  },
  "client/src/app/account/password/password-strength-bar/password-strength-bar.ts": {
    "stateCleared": "modified",
  },
  "client/src/app/account/password/password.html": {
    "stateCleared": "modified",
  },
  "client/src/app/account/password/password.route.ts": {
    "stateCleared": "modified",
  },
  "client/src/app/account/password/password.service.spec.ts": {
    "stateCleared": "modified",
  },
  "client/src/app/account/password/password.service.ts": {
    "stateCleared": "modified",
  },
  "client/src/app/account/password/password.spec.ts": {
    "stateCleared": "modified",
  },
  "client/src/app/account/password/password.ts": {
    "stateCleared": "modified",
  },
  "client/src/app/account/register/register.html": {
    "stateCleared": "modified",
  },
  "client/src/app/account/register/register.model.ts": {
    "stateCleared": "modified",
  },
  "client/src/app/account/register/register.route.ts": {
    "stateCleared": "modified",
  },
  "client/src/app/account/register/register.service.spec.ts": {
    "stateCleared": "modified",
  },
  "client/src/app/account/register/register.service.ts": {
    "stateCleared": "modified",
  },
  "client/src/app/account/register/register.spec.ts": {
    "stateCleared": "modified",
  },
  "client/src/app/account/register/register.ts": {
    "stateCleared": "modified",
  },
  "client/src/app/account/settings/settings.html": {
    "stateCleared": "modified",
  },
  "client/src/app/account/settings/settings.route.ts": {
    "stateCleared": "modified",
  },
  "client/src/app/account/settings/settings.spec.ts": {
    "stateCleared": "modified",
  },
  "client/src/app/account/settings/settings.ts": {
    "stateCleared": "modified",
  },
  "client/src/app/admin/admin.routes.ts": {
    "stateCleared": "modified",
  },
  "client/src/app/admin/configuration/configuration.html": {
    "stateCleared": "modified",
  },
  "client/src/app/admin/configuration/configuration.model.ts": {
    "stateCleared": "modified",
  },
  "client/src/app/admin/configuration/configuration.service.spec.ts": {
    "stateCleared": "modified",
  },
  "client/src/app/admin/configuration/configuration.service.ts": {
    "stateCleared": "modified",
  },
  "client/src/app/admin/configuration/configuration.spec.ts": {
    "stateCleared": "modified",
  },
  "client/src/app/admin/configuration/configuration.ts": {
    "stateCleared": "modified",
  },
  "client/src/app/admin/docs/docs.html": {
    "stateCleared": "modified",
  },
  "client/src/app/admin/docs/docs.scss": {
    "stateCleared": "modified",
  },
  "client/src/app/admin/docs/docs.ts": {
    "stateCleared": "modified",
  },
  "client/src/app/admin/health/health.html": {
    "stateCleared": "modified",
  },
  "client/src/app/admin/health/health.model.ts": {
    "stateCleared": "modified",
  },
  "client/src/app/admin/health/health.service.spec.ts": {
    "stateCleared": "modified",
  },
  "client/src/app/admin/health/health.service.ts": {
    "stateCleared": "modified",
  },
  "client/src/app/admin/health/health.spec.ts": {
    "stateCleared": "modified",
  },
  "client/src/app/admin/health/health.ts": {
    "stateCleared": "modified",
  },
  "client/src/app/admin/health/modal/health-modal.html": {
    "stateCleared": "modified",
  },
  "client/src/app/admin/health/modal/health-modal.spec.ts": {
    "stateCleared": "modified",
  },
  "client/src/app/admin/health/modal/health-modal.ts": {
    "stateCleared": "modified",
  },
  "client/src/app/admin/logs/log.model.ts": {
    "stateCleared": "modified",
  },
  "client/src/app/admin/logs/logs.html": {
    "stateCleared": "modified",
  },
  "client/src/app/admin/logs/logs.service.spec.ts": {
    "stateCleared": "modified",
  },
  "client/src/app/admin/logs/logs.service.ts": {
    "stateCleared": "modified",
  },
  "client/src/app/admin/logs/logs.spec.ts": {
    "stateCleared": "modified",
  },
  "client/src/app/admin/logs/logs.ts": {
    "stateCleared": "modified",
  },
  "client/src/app/admin/metrics/blocks/jvm-memory/jvm-memory.html": {
    "stateCleared": "modified",
  },
  "client/src/app/admin/metrics/blocks/jvm-memory/jvm-memory.ts": {
    "stateCleared": "modified",
  },
  "client/src/app/admin/metrics/blocks/jvm-threads/jvm-threads.html": {
    "stateCleared": "modified",
  },
  "client/src/app/admin/metrics/blocks/jvm-threads/jvm-threads.ts": {
    "stateCleared": "modified",
  },
  "client/src/app/admin/metrics/blocks/metrics-cache/metrics-cache.html": {
    "stateCleared": "modified",
  },
  "client/src/app/admin/metrics/blocks/metrics-cache/metrics-cache.ts": {
    "stateCleared": "modified",
  },
  "client/src/app/admin/metrics/blocks/metrics-datasource/metrics-datasource.html": {
    "stateCleared": "modified",
  },
  "client/src/app/admin/metrics/blocks/metrics-datasource/metrics-datasource.ts": {
    "stateCleared": "modified",
  },
  "client/src/app/admin/metrics/blocks/metrics-endpoints-requests/metrics-endpoints-requests.html": {
    "stateCleared": "modified",
  },
  "client/src/app/admin/metrics/blocks/metrics-endpoints-requests/metrics-endpoints-requests.ts": {
    "stateCleared": "modified",
  },
  "client/src/app/admin/metrics/blocks/metrics-garbagecollector/metrics-garbagecollector.html": {
    "stateCleared": "modified",
  },
  "client/src/app/admin/metrics/blocks/metrics-garbagecollector/metrics-garbagecollector.ts": {
    "stateCleared": "modified",
  },
  "client/src/app/admin/metrics/blocks/metrics-modal-threads/metrics-modal-threads.html": {
    "stateCleared": "modified",
  },
  "client/src/app/admin/metrics/blocks/metrics-modal-threads/metrics-modal-threads.spec.ts": {
    "stateCleared": "modified",
  },
  "client/src/app/admin/metrics/blocks/metrics-modal-threads/metrics-modal-threads.ts": {
    "stateCleared": "modified",
  },
  "client/src/app/admin/metrics/blocks/metrics-request/metrics-request.html": {
    "stateCleared": "modified",
  },
  "client/src/app/admin/metrics/blocks/metrics-request/metrics-request.ts": {
    "stateCleared": "modified",
  },
  "client/src/app/admin/metrics/blocks/metrics-system/metrics-system.html": {
    "stateCleared": "modified",
  },
  "client/src/app/admin/metrics/blocks/metrics-system/metrics-system.ts": {
    "stateCleared": "modified",
  },
  "client/src/app/admin/metrics/metrics.html": {
    "stateCleared": "modified",
  },
  "client/src/app/admin/metrics/metrics.model.ts": {
    "stateCleared": "modified",
  },
  "client/src/app/admin/metrics/metrics.service.spec.ts": {
    "stateCleared": "modified",
  },
  "client/src/app/admin/metrics/metrics.service.ts": {
    "stateCleared": "modified",
  },
  "client/src/app/admin/metrics/metrics.spec.ts": {
    "stateCleared": "modified",
  },
  "client/src/app/admin/metrics/metrics.ts": {
    "stateCleared": "modified",
  },
  "client/src/app/app-page-title-strategy.ts": {
    "stateCleared": "modified",
  },
  "client/src/app/app.config.ts": {
    "stateCleared": "modified",
  },
  "client/src/app/app.routes.ts": {
    "stateCleared": "modified",
  },
  "client/src/app/app.ts": {
    "stateCleared": "modified",
  },
  "client/src/app/config/datepicker-adapter.ts": {
    "stateCleared": "modified",
  },
  "client/src/app/config/dayjs.ts": {
    "stateCleared": "modified",
  },
  "client/src/app/config/font-awesome-icons.ts": {
    "stateCleared": "modified",
  },
  "client/src/app/config/input.constants.ts": {
    "stateCleared": "modified",
  },
  "client/src/app/config/language.constants.ts": {
    "stateCleared": "modified",
  },
  "client/src/app/config/navigation.constants.ts": {
    "stateCleared": "modified",
  },
  "client/src/app/config/pagination.constants.ts": {
    "stateCleared": "modified",
  },
  "client/src/app/config/translation.config.ts": {
    "stateCleared": "modified",
  },
  "client/src/app/core/auth/account.model.ts": {
    "stateCleared": "modified",
  },
  "client/src/app/core/auth/account.service.spec.ts": {
    "stateCleared": "modified",
  },
  "client/src/app/core/auth/account.service.ts": {
    "stateCleared": "modified",
  },
  "client/src/app/core/auth/auth-jwt.service.spec.ts": {
    "stateCleared": "modified",
  },
  "client/src/app/core/auth/auth-jwt.service.ts": {
    "stateCleared": "modified",
  },
  "client/src/app/core/auth/state-storage.service.ts": {
    "stateCleared": "modified",
  },
  "client/src/app/core/auth/user-route-access.service.ts": {
    "stateCleared": "modified",
  },
  "client/src/app/core/config/application-config.service.spec.ts": {
    "stateCleared": "modified",
  },
  "client/src/app/core/config/application-config.service.ts": {
    "stateCleared": "modified",
  },
  "client/src/app/core/interceptor/auth-expired.interceptor.ts": {
    "stateCleared": "modified",
  },
  "client/src/app/core/interceptor/auth.interceptor.ts": {
    "stateCleared": "modified",
  },
  "client/src/app/core/interceptor/error-handler.interceptor.ts": {
    "stateCleared": "modified",
  },
  "client/src/app/core/interceptor/notification.interceptor.ts": {
    "stateCleared": "modified",
  },
  "client/src/app/core/request/request-util.ts": {
    "stateCleared": "modified",
  },
  "client/src/app/core/request/request.model.ts": {
    "stateCleared": "modified",
  },
  "client/src/app/core/util/alert.service.spec.ts": {
    "stateCleared": "modified",
  },
  "client/src/app/core/util/alert.service.ts": {
    "stateCleared": "modified",
  },
  "client/src/app/core/util/data-util.service.spec.ts": {
    "stateCleared": "modified",
  },
  "client/src/app/core/util/data-util.service.ts": {
    "stateCleared": "modified",
  },
  "client/src/app/core/util/event-manager.service.spec.ts": {
    "stateCleared": "modified",
  },
  "client/src/app/core/util/event-manager.service.ts": {
    "stateCleared": "modified",
  },
  "client/src/app/core/util/operators.spec.ts": {
    "stateCleared": "modified",
  },
  "client/src/app/core/util/operators.ts": {
    "stateCleared": "modified",
  },
  "client/src/app/core/util/parse-links.service.spec.ts": {
    "stateCleared": "modified",
  },
  "client/src/app/core/util/parse-links.service.ts": {
    "stateCleared": "modified",
  },
  "client/src/app/entities/admin/user-management/delete/user-management-delete-dialog.html": {
    "stateCleared": "modified",
  },
  "client/src/app/entities/admin/user-management/delete/user-management-delete-dialog.spec.ts": {
    "stateCleared": "modified",
  },
  "client/src/app/entities/admin/user-management/delete/user-management-delete-dialog.ts": {
    "stateCleared": "modified",
  },
  "client/src/app/entities/admin/user-management/detail/user-management-detail.html": {
    "stateCleared": "modified",
  },
  "client/src/app/entities/admin/user-management/detail/user-management-detail.spec.ts": {
    "stateCleared": "modified",
  },
  "client/src/app/entities/admin/user-management/detail/user-management-detail.ts": {
    "stateCleared": "modified",
  },
  "client/src/app/entities/admin/user-management/list/user-management.html": {
    "stateCleared": "modified",
  },
  "client/src/app/entities/admin/user-management/list/user-management.spec.ts": {
    "stateCleared": "modified",
  },
  "client/src/app/entities/admin/user-management/list/user-management.ts": {
    "stateCleared": "modified",
  },
  "client/src/app/entities/admin/user-management/route/user-management-routing-resolve.service.spec.ts": {
    "stateCleared": "modified",
  },
  "client/src/app/entities/admin/user-management/route/user-management-routing-resolve.service.ts": {
    "stateCleared": "modified",
  },
  "client/src/app/entities/admin/user-management/service/user-management.service.spec.ts": {
    "stateCleared": "modified",
  },
  "client/src/app/entities/admin/user-management/service/user-management.service.ts": {
    "stateCleared": "modified",
  },
  "client/src/app/entities/admin/user-management/update/user-management-update.html": {
    "stateCleared": "modified",
  },
  "client/src/app/entities/admin/user-management/update/user-management-update.spec.ts": {
    "stateCleared": "modified",
  },
  "client/src/app/entities/admin/user-management/update/user-management-update.ts": {
    "stateCleared": "modified",
  },
  "client/src/app/entities/admin/user-management/user-management.model.ts": {
    "stateCleared": "modified",
  },
  "client/src/app/entities/admin/user-management/user-management.routes.ts": {
    "stateCleared": "modified",
  },
  "client/src/app/entities/entity.routes.ts": {
    "stateCleared": "modified",
  },
  "client/src/app/entities/user/service/user.service.spec.ts": {
    "stateCleared": "modified",
  },
  "client/src/app/entities/user/service/user.service.ts": {
    "stateCleared": "modified",
  },
  "client/src/app/entities/user/user.model.ts": {
    "stateCleared": "modified",
  },
  "client/src/app/entities/user/user.test-samples.ts": {
    "stateCleared": "modified",
  },
  "client/src/app/home/home.html": {
    "stateCleared": "modified",
  },
  "client/src/app/home/home.scss": {
    "stateCleared": "modified",
  },
  "client/src/app/home/home.spec.ts": {
    "stateCleared": "modified",
  },
  "client/src/app/home/home.ts": {
    "stateCleared": "modified",
  },
  "client/src/app/layouts/error/error.html": {
    "stateCleared": "modified",
  },
  "client/src/app/layouts/error/error.route.ts": {
    "stateCleared": "modified",
  },
  "client/src/app/layouts/error/error.ts": {
    "stateCleared": "modified",
  },
  "client/src/app/layouts/footer/footer.html": {
    "stateCleared": "modified",
  },
  "client/src/app/layouts/footer/footer.ts": {
    "stateCleared": "modified",
  },
  "client/src/app/layouts/main/main.html": {
    "stateCleared": "modified",
  },
  "client/src/app/layouts/main/main.spec.ts": {
    "stateCleared": "modified",
  },
  "client/src/app/layouts/main/main.ts": {
    "stateCleared": "modified",
  },
  "client/src/app/layouts/navbar/active-menu.directive.ts": {
    "stateCleared": "modified",
  },
  "client/src/app/layouts/navbar/navbar-item.model.d.ts": {
    "stateCleared": "modified",
  },
  "client/src/app/layouts/navbar/navbar.html": {
    "stateCleared": "modified",
  },
  "client/src/app/layouts/navbar/navbar.scss": {
    "stateCleared": "modified",
  },
  "client/src/app/layouts/navbar/navbar.spec.ts": {
    "stateCleared": "modified",
  },
  "client/src/app/layouts/navbar/navbar.ts": {
    "stateCleared": "modified",
  },
  "client/src/app/layouts/profiles/page-ribbon.scss": {
    "stateCleared": "modified",
  },
  "client/src/app/layouts/profiles/page-ribbon.spec.ts": {
    "stateCleared": "modified",
  },
  "client/src/app/layouts/profiles/page-ribbon.ts": {
    "stateCleared": "modified",
  },
  "client/src/app/layouts/profiles/profile-info.model.ts": {
    "stateCleared": "modified",
  },
  "client/src/app/layouts/profiles/profile.service.ts": {
    "stateCleared": "modified",
  },
  "client/src/app/login/login.html": {
    "stateCleared": "modified",
  },
  "client/src/app/login/login.model.ts": {
    "stateCleared": "modified",
  },
  "client/src/app/login/login.service.ts": {
    "stateCleared": "modified",
  },
  "client/src/app/login/login.spec.ts": {
    "stateCleared": "modified",
  },
  "client/src/app/login/login.ts": {
    "stateCleared": "modified",
  },
  "client/src/app/shared/alert/alert-error.html": {
    "stateCleared": "modified",
  },
  "client/src/app/shared/alert/alert-error.model.ts": {
    "stateCleared": "modified",
  },
  "client/src/app/shared/alert/alert-error.spec.ts": {
    "stateCleared": "modified",
  },
  "client/src/app/shared/alert/alert-error.ts": {
    "stateCleared": "modified",
  },
  "client/src/app/shared/alert/alert.html": {
    "stateCleared": "modified",
  },
  "client/src/app/shared/alert/alert.spec.ts": {
    "stateCleared": "modified",
  },
  "client/src/app/shared/alert/alert.ts": {
    "stateCleared": "modified",
  },
  "client/src/app/shared/auth/has-any-authority.directive.spec.ts": {
    "stateCleared": "modified",
  },
  "client/src/app/shared/auth/has-any-authority.directive.ts": {
    "stateCleared": "modified",
  },
  "client/src/app/shared/date/duration.pipe.ts": {
    "stateCleared": "modified",
  },
  "client/src/app/shared/date/format-medium-date.pipe.spec.ts": {
    "stateCleared": "modified",
  },
  "client/src/app/shared/date/format-medium-date.pipe.ts": {
    "stateCleared": "modified",
  },
  "client/src/app/shared/date/format-medium-datetime.pipe.spec.ts": {
    "stateCleared": "modified",
  },
  "client/src/app/shared/date/format-medium-datetime.pipe.ts": {
    "stateCleared": "modified",
  },
  "client/src/app/shared/date/index.ts": {
    "stateCleared": "modified",
  },
  "client/src/app/shared/filter/filter.html": {
    "stateCleared": "modified",
  },
  "client/src/app/shared/filter/filter.model.spec.ts": {
    "stateCleared": "modified",
  },
  "client/src/app/shared/filter/filter.model.ts": {
    "stateCleared": "modified",
  },
  "client/src/app/shared/filter/filter.ts": {
    "stateCleared": "modified",
  },
  "client/src/app/shared/filter/index.ts": {
    "stateCleared": "modified",
  },
  "client/src/app/shared/jhipster/constants.ts": {
    "stateCleared": "modified",
  },
  "client/src/app/shared/jhipster/data-utils.ts": {
    "stateCleared": "modified",
  },
  "client/src/app/shared/jhipster/error.constants.ts": {
    "stateCleared": "modified",
  },
  "client/src/app/shared/jhipster/headers.ts": {
    "stateCleared": "modified",
  },
  "client/src/app/shared/jhipster/link-header.ts": {
    "stateCleared": "modified",
  },
  "client/src/app/shared/jhipster/problem-details.ts": {
    "stateCleared": "modified",
  },
  "client/src/app/shared/language/find-language-from-key.pipe.ts": {
    "stateCleared": "modified",
  },
  "client/src/app/shared/language/index.ts": {
    "stateCleared": "modified",
  },
  "client/src/app/shared/language/translate.directive.spec.ts": {
    "stateCleared": "modified",
  },
  "client/src/app/shared/language/translate.directive.ts": {
    "stateCleared": "modified",
  },
  "client/src/app/shared/language/translation.module.ts": {
    "stateCleared": "modified",
  },
  "client/src/app/shared/pagination/index.ts": {
    "stateCleared": "modified",
  },
  "client/src/app/shared/pagination/item-count.spec.ts": {
    "stateCleared": "modified",
  },
  "client/src/app/shared/pagination/item-count.ts": {
    "stateCleared": "modified",
  },
  "client/src/app/shared/sort/index.ts": {
    "stateCleared": "modified",
  },
  "client/src/app/shared/sort/sort-by.directive.spec.ts": {
    "stateCleared": "modified",
  },
  "client/src/app/shared/sort/sort-by.directive.ts": {
    "stateCleared": "modified",
  },
  "client/src/app/shared/sort/sort-state.ts": {
    "stateCleared": "modified",
  },
  "client/src/app/shared/sort/sort.directive.spec.ts": {
    "stateCleared": "modified",
  },
  "client/src/app/shared/sort/sort.directive.ts": {
    "stateCleared": "modified",
  },
  "client/src/app/shared/sort/sort.service.spec.ts": {
    "stateCleared": "modified",
  },
  "client/src/app/shared/sort/sort.service.ts": {
    "stateCleared": "modified",
  },
  "client/src/bootstrap.ts": {
    "stateCleared": "modified",
  },
  "client/src/content/css/loading.css": {
    "stateCleared": "modified",
  },
  "client/src/content/images/jhipster_family_member_0.svg": {
    "stateCleared": "modified",
  },
  "client/src/content/images/jhipster_family_member_0_head-192.png": {
    "stateCleared": "modified",
  },
  "client/src/content/images/jhipster_family_member_0_head-256.png": {
    "stateCleared": "modified",
  },
  "client/src/content/images/jhipster_family_member_0_head-384.png": {
    "stateCleared": "modified",
  },
  "client/src/content/images/jhipster_family_member_0_head-512.png": {
    "stateCleared": "modified",
  },
  "client/src/content/images/jhipster_family_member_1.svg": {
    "stateCleared": "modified",
  },
  "client/src/content/images/jhipster_family_member_1_head-192.png": {
    "stateCleared": "modified",
  },
  "client/src/content/images/jhipster_family_member_1_head-256.png": {
    "stateCleared": "modified",
  },
  "client/src/content/images/jhipster_family_member_1_head-384.png": {
    "stateCleared": "modified",
  },
  "client/src/content/images/jhipster_family_member_1_head-512.png": {
    "stateCleared": "modified",
  },
  "client/src/content/images/jhipster_family_member_2.svg": {
    "stateCleared": "modified",
  },
  "client/src/content/images/jhipster_family_member_2_head-192.png": {
    "stateCleared": "modified",
  },
  "client/src/content/images/jhipster_family_member_2_head-256.png": {
    "stateCleared": "modified",
  },
  "client/src/content/images/jhipster_family_member_2_head-384.png": {
    "stateCleared": "modified",
  },
  "client/src/content/images/jhipster_family_member_2_head-512.png": {
    "stateCleared": "modified",
  },
  "client/src/content/images/jhipster_family_member_3.svg": {
    "stateCleared": "modified",
  },
  "client/src/content/images/jhipster_family_member_3_head-192.png": {
    "stateCleared": "modified",
  },
  "client/src/content/images/jhipster_family_member_3_head-256.png": {
    "stateCleared": "modified",
  },
  "client/src/content/images/jhipster_family_member_3_head-384.png": {
    "stateCleared": "modified",
  },
  "client/src/content/images/jhipster_family_member_3_head-512.png": {
    "stateCleared": "modified",
  },
  "client/src/content/images/logo-jhipster.png": {
    "stateCleared": "modified",
  },
  "client/src/content/scss/_bootstrap-variables.scss": {
    "stateCleared": "modified",
  },
  "client/src/content/scss/global.scss": {
    "stateCleared": "modified",
  },
  "client/src/content/scss/vendor.scss": {
    "stateCleared": "modified",
  },
  "client/src/declarations.d.ts": {
    "stateCleared": "modified",
  },
  "client/src/environments/environment.development.ts": {
    "stateCleared": "modified",
  },
  "client/src/environments/environment.ts": {
    "stateCleared": "modified",
  },
  "client/src/favicon.ico": {
    "stateCleared": "modified",
  },
  "client/src/i18n/en/activate.json": {
    "stateCleared": "modified",
  },
  "client/src/i18n/en/configuration.json": {
    "stateCleared": "modified",
  },
  "client/src/i18n/en/error.json": {
    "stateCleared": "modified",
  },
  "client/src/i18n/en/global.json": {
    "stateCleared": "modified",
  },
  "client/src/i18n/en/health.json": {
    "stateCleared": "modified",
  },
  "client/src/i18n/en/home.json": {
    "stateCleared": "modified",
  },
  "client/src/i18n/en/login.json": {
    "stateCleared": "modified",
  },
  "client/src/i18n/en/logs.json": {
    "stateCleared": "modified",
  },
  "client/src/i18n/en/metrics.json": {
    "stateCleared": "modified",
  },
  "client/src/i18n/en/password.json": {
    "stateCleared": "modified",
  },
  "client/src/i18n/en/register.json": {
    "stateCleared": "modified",
  },
  "client/src/i18n/en/reset.json": {
    "stateCleared": "modified",
  },
  "client/src/i18n/en/sessions.json": {
    "stateCleared": "modified",
  },
  "client/src/i18n/en/settings.json": {
    "stateCleared": "modified",
  },
  "client/src/i18n/en/user-management.json": {
    "stateCleared": "modified",
  },
  "client/src/i18n/index.ts": {
    "stateCleared": "modified",
  },
  "client/src/index.html": {
    "stateCleared": "modified",
  },
  "client/src/main.ts": {
    "stateCleared": "modified",
  },
  "client/src/manifest.webapp": {
    "stateCleared": "modified",
  },
  "client/src/robots.txt": {
    "stateCleared": "modified",
  },
  "client/src/swagger-ui/index.html": {
    "stateCleared": "modified",
  },
  "client/tsconfig.app.json": {
    "stateCleared": "modified",
  },
  "client/tsconfig.json": {
    "stateCleared": "modified",
  },
  "client/tsconfig.spec.json": {
    "stateCleared": "modified",
  },
  "client/vitest-base.config.ts": {
    "stateCleared": "modified",
  },
  "package.json": {
    "stateCleared": "modified",
  },
  "sonar-project.properties": {
    "stateCleared": "modified",
  },
}
`;
