// Vitest Snapshot v1, https://vitest.dev/guide/snapshot.html

exports[`SubGenerator docker of nodejs JHipster blueprint > run > should succeed 1`] = `
{
  ".yo-rc.json": {
    "stateCleared": "modified",
  },
  "docker/app.yml": {
    "stateCleared": "modified",
  },
  "docker/postgresql.yml": {
    "stateCleared": "modified",
  },
  "docker/prometheus/prometheus.yml": {
    "stateCleared": "modified",
  },
  "docker/services.yml": {
    "stateCleared": "modified",
  },
  "docker/sonar.yml": {
    "stateCleared": "modified",
  },
  "package.json": {
    "stateCleared": "modified",
  },
}
`;
