// Vitest Snapshot v1, https://vitest.dev/guide/snapshot.html

exports[`SubGenerator docker of nodejs JHipster blueprint > run > should succeed 1`] = `
{
  ".yo-rc.json": {
    "stateCleared": "modified",
  },
  "package.json": {
    "stateCleared": "modified",
  },
  "src/main/docker/app.yml": {
    "stateCleared": "modified",
  },
  "src/main/docker/grafana/provisioning/dashboards/JVM.json": {
    "stateCleared": "modified",
  },
  "src/main/docker/grafana/provisioning/dashboards/dashboard.yml": {
    "stateCleared": "modified",
  },
  "src/main/docker/grafana/provisioning/datasources/datasource.yml": {
    "stateCleared": "modified",
  },
  "src/main/docker/jhipster-control-center.yml": {
    "stateCleared": "modified",
  },
  "src/main/docker/monitoring.yml": {
    "stateCleared": "modified",
  },
  "src/main/docker/postgresql.yml": {
    "stateCleared": "modified",
  },
  "src/main/docker/prometheus/prometheus.yml": {
    "stateCleared": "modified",
  },
  "src/main/docker/services.yml": {
    "stateCleared": "modified",
  },
  "src/main/docker/sonar.yml": {
    "stateCleared": "modified",
  },
}
`;
